// Jest Snapshot v1, https://goo.gl/fbAQLP

exports[`DataTable should render correctly 1`] = `
<div>
  <div>
    <form
      className="ant-form ant-form-horizontal ant-advanced-search-form"
      onSubmit={[Function]}
      style={
        Object {
          "marginBottom": "1em",
        }
      }
    >
      <div
        className="ant-row"
        style={
          Object {
            "marginLeft": -20,
            "marginRight": -20,
          }
        }
      >
        <div
          className="ant-col-6"
          style={
            Object {
              "display": "block",
              "paddingLeft": 20,
              "paddingRight": 20,
            }
          }
        >
          <div
            className="ant-row ant-form-item"
            style={undefined}
          >
            <div
              className="ant-col-8 ant-form-item-label"
            >
              <label
                className=""
                htmlFor="id"
                onClick={[Function]}
                title="ID"
              >
                ID
              </label>
            </div>
            <div
              className="ant-col-16 ant-form-item-control-wrapper"
            >
              <div
                className="ant-form-item-control "
              >
                <input
                  className="ant-input ant-input-lg"
                  data-__meta={
                    Object {
                      "initialValue": undefined,
                      "leadingName": "id",
                      "name": "id",
                      "originalProps": Object {
                        "disabled": false,
                        "placeholder": "placeholder",
                        "prefixCls": "ant-input",
                        "type": "text",
                      },
                      "ref": null,
                      "rules": undefined,
                      "trigger": "onChange",
                      "validate": Array [],
                      "valuePropName": "value",
                    }
                  }
                  disabled={false}
                  id="id"
                  onChange={[Function]}
                  onKeyDown={[Function]}
                  placeholder="placeholder"
                  size="large"
                  type="text"
                  value=""
                />
              </div>
            </div>
          </div>
        </div>
        <div
          className="ant-col-6"
          style={
            Object {
              "display": "block",
              "paddingLeft": 20,
              "paddingRight": 20,
            }
          }
        >
          <div
            className="ant-row ant-form-item"
            style={undefined}
          >
            <div
              className="ant-col-8 ant-form-item-label"
            >
              <label
                className=""
                htmlFor="select"
                onClick={[Function]}
                title="Select"
              >
                Select
              </label>
            </div>
            <div
              className="ant-col-16 ant-form-item-control-wrapper"
            >
              <div
                className="ant-form-item-control has-success"
              >
                <div
                  className="ant-select-lg ant-select ant-select-enabled ant-select-allow-clear"
                  onBlur={[Function]}
                  onClick={[Function]}
                  onFocus={[Function]}
                  onMouseDown={[Function]}
                  onMouseEnter={undefined}
                  onMouseLeave={undefined}
                  onTouchStart={[Function]}
                  style={undefined}
                >
                  <div
                    aria-autocomplete="list"
                    aria-expanded={false}
                    aria-haspopup="true"
                    className="ant-select-selection
                              ant-select-selection--single"
                    onKeyDown={[Function]}
                    role="combobox"
                    tabIndex={0}
                  >
                    <div
                      className="ant-select-selection__rendered"
                    >
                      <div
                        className="ant-select-selection-selected-value"
                        style={
                          Object {
                            "display": "block",
                            "opacity": 1,
                          }
                        }
                        title="one"
                      >
                        one
                      </div>
                    </div>
                    <span
                      className="ant-select-selection__clear"
                      onClick={[Function]}
                      onMouseDown={[Function]}
                      style={
                        Object {
                          "WebkitUserSelect": "none",
                          "display": "block",
                          "userSelect": "none",
                        }
                      }
                      unselectable="unselectable"
                    />
                    <span
                      className="ant-select-arrow"
                      onClick={[Function]}
                      style={
                        Object {
                          "WebkitUserSelect": "none",
                          "userSelect": "none",
                        }
                      }
                      unselectable="unselectable"
                    >
                      <b />
                    </span>
                  </div>
                </div>
              </div>
            </div>
          </div>
        </div>
        <div
          className="ant-col-6"
          style={
            Object {
              "display": "block",
              "paddingLeft": 20,
              "paddingRight": 20,
            }
          }
        >
          <div
            className="ant-row ant-form-item"
            style={undefined}
          >
            <div
              className="ant-col-8 ant-form-item-label"
            >
              <label
                className=""
                htmlFor="multi-select"
                onClick={[Function]}
                title="Multi Select"
              >
                Multi Select
              </label>
            </div>
            <div
              className="ant-col-16 ant-form-item-control-wrapper"
            >
              <div
                className="ant-form-item-control "
              >
                <div
                  className="ant-select-lg ant-select ant-select-enabled"
                  onBlur={[Function]}
                  onClick={[Function]}
                  onFocus={[Function]}
                  onMouseDown={[Function]}
                  onMouseEnter={undefined}
                  onMouseLeave={undefined}
                  onTouchStart={[Function]}
                  style={undefined}
                >
                  <div
                    aria-autocomplete="list"
                    aria-expanded={false}
                    aria-haspopup="true"
                    className="ant-select-selection
                              ant-select-selection--multiple"
                    role="combobox"
                  >
                    <div
                      className="ant-select-selection__rendered"
                    >
                      <ul
                        className={undefined}
                        style={undefined}
                      >
                        <li
                          className="ant-select-search ant-select-search--inline"
                        >
                          <div
                            className="ant-select-search__field__wrap"
                          >
                            <input
                              autoComplete="off"
                              className="ant-select-search__field"
                              disabled={undefined}
                              id="multi-select"
                              onChange={[Function]}
                              onKeyDown={[Function]}
                              value=""
                            />
                            <span
                              className="ant-select-search__field__mirror"
                            >
                              
                              Â 
                            </span>
                          </div>
                        </li>
                      </ul>
                    </div>
                  </div>
                </div>
              </div>
            </div>
          </div>
        </div>
        <div
          className="ant-col-6"
          style={
            Object {
              "display": "block",
              "paddingLeft": 20,
              "paddingRight": 20,
            }
          }
        >
          <div
            className="ant-row ant-form-item"
            style={undefined}
          >
            <div
              className="ant-col-8 ant-form-item-label"
            >
              <label
                className=""
                htmlFor="datePicker"
                onClick={[Function]}
                title="Date Picker"
              >
                Date Picker
              </label>
            </div>
            <div
              className="ant-col-16 ant-form-item-control-wrapper"
            >
              <div
                className="ant-form-item-control "
              >
                <span
                  className="ant-calendar-picker"
                  style={Object {}}
                >
                  <div
                    onBlur={undefined}
                    onClick={[Function]}
                    onFocus={undefined}
                    onKeyDown={[Function]}
                    onMouseDown={[Function]}
                    onMouseEnter={undefined}
                    onMouseLeave={undefined}
                    onTouchStart={[Function]}
                  >
                    <input
                      className="ant-calendar-picker-input ant-input ant-input-lg"
                      disabled={undefined}
                      placeholder="è¯·éæ©æ¥æ"
                      readOnly={true}
                      value=""
                    />
                    <span
                      className="ant-calendar-picker-icon"
                    />
                  </div>
                </span>
              </div>
            </div>
          </div>
        </div>
        <div
          className="ant-col-6"
          style={
            Object {
              "display": "block",
              "paddingLeft": 20,
              "paddingRight": 20,
            }
          }
        >
          <div
            className="ant-row ant-form-item"
            style={undefined}
          >
            <div
              className="ant-col-8 ant-form-item-label"
            >
              <label
                className=""
                htmlFor="treeselect"
                onClick={[Function]}
                title="Tree Select"
              >
                Tree Select
              </label>
            </div>
            <div
              className="ant-col-16 ant-form-item-control-wrapper"
            >
              <div
                className="ant-form-item-control "
              >
                <span
                  className="ant-select-lg ant-select ant-select-enabled"
                  onBlur={undefined}
                  onClick={[Function]}
                  onFocus={undefined}
                  onMouseDown={[Function]}
                  onMouseEnter={undefined}
                  onMouseLeave={undefined}
                  onTouchStart={[Function]}
                  style={undefined}
                >
                  <span
                    aria-autocomplete="list"
                    aria-expanded={undefined}
                    aria-haspopup="true"
                    className="ant-select-selection
                              ant-select-selection--single"
                    onKeyDown={[Function]}
                    role="combobox"
                    tabIndex={0}
                  >
                    <span
                      className="ant-select-selection__rendered"
                    >
                      <span
                        className="ant-select-selection__placeholder"
                      >
                        
                      </span>
                    </span>
                    <span
                      className="ant-select-arrow"
                      style={
                        Object {
                          "outline": "none",
                        }
                      }
                    >
                      <b />
                    </span>
                  </span>
                </span>
              </div>
            </div>
          </div>
        </div>
        <div
          className="ant-col-6"
          style={
            Object {
              "display": "block",
              "paddingLeft": 20,
              "paddingRight": 20,
            }
          }
        >
          <div
            className="ant-row ant-form-item"
            style={undefined}
          >
            <div
              className="ant-col-8 ant-form-item-label"
            >
              <label
                className=""
                htmlFor="foo"
                onClick={[Function]}
                title="Foo"
              >
                Foo
              </label>
            </div>
            <div
              className="ant-col-16 ant-form-item-control-wrapper"
            >
              <div
                className="ant-form-item-control "
              >
                <input
                  className="ant-input ant-input-lg"
                  data-__meta={
                    Object {
                      "initialValue": undefined,
                      "leadingName": "foo",
                      "name": "foo",
                      "originalProps": Object {
                        "disabled": false,
                        "prefixCls": "ant-input",
                        "type": "text",
                      },
                      "ref": null,
                      "rules": undefined,
                      "trigger": "onChange",
                      "validate": Array [],
                      "valuePropName": "value",
                    }
                  }
                  disabled={false}
                  id="foo"
                  onChange={[Function]}
                  onKeyDown={[Function]}
                  size="large"
                  type="text"
                  value=""
                />
              </div>
            </div>
          </div>
        </div>
        <div
          className="ant-col-6"
          style={
            Object {
              "display": "block",
              "paddingLeft": 20,
              "paddingRight": 20,
            }
          }
        >
          <div
            className="ant-row ant-form-item"
            style={undefined}
          >
            <div
              className="ant-col-8 ant-form-item-label"
            >
              <label
                className=""
                htmlFor="bar"
                onClick={[Function]}
                title="Bar"
              >
                Bar
              </label>
            </div>
            <div
              className="ant-col-16 ant-form-item-control-wrapper"
            >
              <div
                className="ant-form-item-control "
              >
                <input
                  className="ant-input ant-input-lg"
                  data-__meta={
                    Object {
                      "initialValue": undefined,
                      "leadingName": "bar",
                      "name": "bar",
                      "originalProps": Object {
                        "disabled": false,
                        "prefixCls": "ant-input",
                        "type": "text",
                      },
                      "ref": null,
                      "rules": undefined,
                      "trigger": "onChange",
                      "validate": Array [],
                      "valuePropName": "value",
                    }
                  }
                  disabled={false}
                  id="bar"
                  onChange={[Function]}
                  onKeyDown={[Function]}
                  size="large"
                  type="text"
                  value=""
                />
              </div>
            </div>
          </div>
        </div>
      </div>
      <div
        className="ant-row"
        style={undefined}
      >
        <div
          className="ant-col-24"
          style={
            Object {
              "textAlign": "right",
            }
          }
        >
          <button
            className="ant-btn ant-btn-primary"
            onClick={[Function]}
            type="button"
          >
            <span>
              Search
            </span>
          </button>
          <button
            className="ant-btn"
            onClick={[Function]}
            style={
              Object {
                "marginLeft": 8,
              }
            }
            type="button"
          >
            <span>
              Clear
            </span>
          </button>
        </div>
      </div>
    </form>
  </div>
  <div>
    <div
      className="ant-row"
      style={undefined}
    >
      <div
        className="ant-table-wrapper"
        style={undefined}
      >
        <div
          className="ant-spin-nested-loading"
          style={null}
        >
          <div
            className="ant-spin-container"
          >
            <div
              className="ant-table ant-table-middle ant-table-bordered ant-table-empty ant-table-scroll-position-left"
              style={Object {}}
            >
              <div
                className="ant-table-content"
              >
                <div
                  className="ant-table-body"
                  onScroll={[Function]}
                  style={Object {}}
                >
                  <table
                    className=""
                    style={Object {}}
                  >
                    <colgroup>
                      <col
                        style={
                          Object {
                            "minWidth": undefined,
                            "width": undefined,
                          }
                        }
                      />
                      <col
                        style={
                          Object {
                            "minWidth": undefined,
                            "width": undefined,
                          }
                        }
                      />
                      <col
                        style={
                          Object {
                            "minWidth": undefined,
                            "width": undefined,
                          }
                        }
                      />
                    </colgroup>
                    <thead
                      className="ant-table-thead"
                    >
                      <tr
                        style={null}
                      >
                        <th
                          className="ant-table-selection-column"
                        >
                          <span>
                            <div
                              className="ant-table-selection"
                            >
                              <label
                                className="ant-checkbox-wrapper"
                                onMouseEnter={undefined}
                                onMouseLeave={undefined}
                                style={undefined}
                              >
                                <span
                                  className="ant-checkbox ant-checkbox-disabled"
                                  style={Object {}}
                                >
                                  <input
                                    checked={false}
                                    className="ant-checkbox-input"
                                    disabled={true}
                                    name={undefined}
                                    onBlur={[Function]}
                                    onChange={[Function]}
                                    onClick={undefined}
                                    onFocus={[Function]}
                                    readOnly={undefined}
                                    tabIndex={undefined}
                                    type="checkbox"
                                  />
                                  <span
                                    className="ant-checkbox-inner"
                                  />
                                </span>
                              </label>
                            </div>
                          </span>
                        </th>
                        <th
                          className=""
                        >
                          <span>
                            ID
                          </span>
                        </th>
                        <th
                          className=""
                        >
                          <span>
                            Title
                          </span>
                        </th>
                      </tr>
                    </thead>
                    <tbody
                      className="ant-table-tbody"
                    />
                  </table>
                </div>
                <div
                  className="ant-table-placeholder"
                >
                  <span>
                    <i
                      className="anticon anticon-frown-o"
                    />
                    ææ æ°æ®
                  </span>
                </div>
              </div>
            </div>
          </div>
        </div>
      </div>
    </div>
  </div>
</div>
`;
